QA output created by 048
Formatting 'TEST_DIR/t.IMGFMT', fmt=IMGFMT size=1073741824 
=== IO: pattern 45
qemu-io> wrote 4096/4096 bytes at offset 524288
4 KiB, X ops; XX:XX:XX.X (XXX YYY/sec and XXX ops/sec)
qemu-io> wrote 4096/4096 bytes at offset 528384
4 KiB, X ops; XX:XX:XX.X (XXX YYY/sec and XXX ops/sec)
qemu-io> wrote 4096/4096 bytes at offset 532480
4 KiB, X ops; XX:XX:XX.X (XXX YYY/sec and XXX ops/sec)
qemu-io> wrote 4096/4096 bytes at offset 536576
4 KiB, X ops; XX:XX:XX.X (XXX YYY/sec and XXX ops/sec)
qemu-io> Images are identical.
0
0
Image resized.
Warning: Image size mismatch!
Images are identical.
0
Strict mode: Image size mismatch!
1
=== IO: pattern 67
qemu-io> wrote 4096/4096 bytes at offset 1228800
4 KiB, X ops; XX:XX:XX.X (XXX YYY/sec and XXX ops/sec)
qemu-io> Content mismatch at offset 1228800!
1
=== IO: pattern 123
qemu-io> wrote 4096/4096 bytes at offset 0
4 KiB, X ops; XX:XX:XX.X (XXX YYY/sec and XXX ops/sec)
qemu-io> Content mismatch at offset 0!
1
Formatting 'TEST_DIR/t.IMGFMT', fmt=IMGFMT size=1073741824 
=== IO: pattern 100
qemu-io> wrote 512/512 bytes at offset 0
512 bytes, X ops; XX:XX:XX.X (XXX YYY/sec and XXX ops/sec)
qemu-io> === IO: pattern 101
qemu-io> wrote 512/512 bytes at offset 512
512 bytes, X ops; XX:XX:XX.X (XXX YYY/sec and XXX ops/sec)
qemu-io> Content mismatch at offset 512!
1
Formatting 'TEST_DIR/t.IMGFMT', fmt=IMGFMT size=1073741824 
=== IO: pattern 102
qemu-io> wrote 512/512 bytes at offset 512
512 bytes, X ops; XX:XX:XX.X (XXX YYY/sec and XXX ops/sec)
qemu-io> qemu-img: Error while reading offset 0 of blkdebug:TEST_DIR/blkdebug.conf:TEST_DIR/t.IMGFMT: Input/output error
qemu-img: Error while reading offset 0: Input/output error
4
Formatting 'TEST_DIR/t.IMGFMT', fmt=IMGFMT size=1073741824 
Formatting 'TEST_DIR/t.IMGFMT.2', fmt=IMGFMT size=0 
=== IO: pattern 102
qemu-io> wrote 512/512 bytes at offset 512
512 bytes, X ops; XX:XX:XX.X (XXX YYY/sec and XXX ops/sec)
qemu-io> qemu-img: Error while reading offset 0 of blkdebug:TEST_DIR/blkdebug.conf:TEST_DIR/t.IMGFMT: Input/output error
qemu-img: Error while reading offset 0 of blkdebug:TEST_DIR/blkdebug.conf:TEST_DIR/t.IMGFMT: Input/output error
Warning: Image size mismatch!
4
Cleanup
