QA output created by 059

=== Testing invalid granularity ===
Formatting 'TEST_DIR/t.IMGFMT', fmt=IMGFMT size=67108864
qemu-io: can't open device TEST_DIR/t.vmdk: Invalid granularity, image may be corrupt
no file open, try 'help open'

=== Testing too big L2 table size ===
Formatting 'TEST_DIR/t.IMGFMT', fmt=IMGFMT size=67108864
L2 table size too big
qemu-io: can't open device TEST_DIR/t.vmdk: Could not open 'TEST_DIR/t.vmdk': Wrong medium type
no file open, try 'help open'

=== Testing too big L1 table size ===
Formatting 'TEST_DIR/t.IMGFMT', fmt=IMGFMT size=67108864
qemu-io: can't open device TEST_DIR/t.vmdk: L1 size too big
no file open, try 'help open'

=== Testing monolithicFlat creation and opening ===
Formatting 'TEST_DIR/t.IMGFMT', fmt=IMGFMT size=2147483648
image: TEST_DIR/t.IMGFMT
file format: IMGFMT
virtual size: 2.0G (2147483648 bytes)

=== Testing monolithicFlat with zeroed_grain ===
qemu-img: TEST_DIR/t.IMGFMT: Flat image can't enable zeroed grain
Formatting 'TEST_DIR/t.IMGFMT', fmt=IMGFMT size=2147483648
*** done
